// Jest Snapshot v1, https://goo.gl/fbAQLP

exports[`Placeholder Empty 1`] = `
Array [
  Object {
    "apiVersion": "v1",
    "kind": "Service",
    "metadata": Object {
      "name": "test-chart-service-547793b6",
    },
    "spec": Object {
      "ports": Array [
        Object {
          "port": 80,
          "targetPort": 8080,
        },
      ],
      "selector": Object {
        "app": "hello-k8s",
        "testLabel": "test",
      },
      "type": "LoadBalancer",
    },
  },
  Object {
    "apiVersion": "apps/v1",
    "kind": "Deployment",
    "metadata": Object {
      "name": "test-chart-deployment-a0c86b87",
    },
    "spec": Object {
      "replicas": 1,
      "selector": Object {
        "matchLabels": Object {
          "app": "hello-k8s",
          "testLabel": "test",
        },
      },
      "template": Object {
        "metadata": Object {
          "labels": Object {
            "app": "hello-k8s",
            "testLabel": "test",
          },
        },
        "spec": Object {
          "containers": Array [
            Object {
              "image": "gcr.io/kuar-demo/kuard-amd64:blue",
              "name": "hello-k8s",
              "ports": Array [
                Object {
                  "containerPort": 8080,
                },
              ],
            },
          ],
        },
      },
    },
  },
]
`;
